Archive member included because of file (symbol)

..\..\..\libpdmfilter_gcc.a(pdm_filter.o)
                              ..\obj\main.o (PDM_Filter_Init)
c:/program files (x86)/gnu tools arm embedded/4.8 2013q4/bin/../lib/gcc/arm-none-eabi/4.8.3/../../../../arm-none-eabi/lib/armv7e-m/softfp\libm.a(lib_a-s_lround.o)
                              ..\obj\stm32f4_discovery_lcd.o (lround)
c:/program files (x86)/gnu tools arm embedded/4.8 2013q4/bin/../lib/gcc/arm-none-eabi/4.8.3/../../../../arm-none-eabi/lib/armv7e-m/softfp\libm.a(lib_a-wf_sqrt.o)
                              ..\obj\arm_cmplx_mag_f32.o (sqrtf)
c:/program files (x86)/gnu tools arm embedded/4.8 2013q4/bin/../lib/gcc/arm-none-eabi/4.8.3/../../../../arm-none-eabi/lib/armv7e-m/softfp\libm.a(lib_a-ef_sqrt.o)
                              c:/program files (x86)/gnu tools arm embedded/4.8 2013q4/bin/../lib/gcc/arm-none-eabi/4.8.3/../../../../arm-none-eabi/lib/armv7e-m/softfp\libm.a(lib_a-wf_sqrt.o) (__ieee754_sqrtf)
c:/program files (x86)/gnu tools arm embedded/4.8 2013q4/bin/../lib/gcc/arm-none-eabi/4.8.3/../../../../arm-none-eabi/lib/armv7e-m/softfp\libm.a(lib_a-s_lib_ver.o)
                              c:/program files (x86)/gnu tools arm embedded/4.8 2013q4/bin/../lib/gcc/arm-none-eabi/4.8.3/../../../../arm-none-eabi/lib/armv7e-m/softfp\libm.a(lib_a-wf_sqrt.o) (__fdlib_version)
c:/program files (x86)/gnu tools arm embedded/4.8 2013q4/bin/../lib/gcc/arm-none-eabi/4.8.3/../../../../arm-none-eabi/lib/armv7e-m/softfp\libm.a(lib_a-s_matherr.o)
                              c:/program files (x86)/gnu tools arm embedded/4.8 2013q4/bin/../lib/gcc/arm-none-eabi/4.8.3/../../../../arm-none-eabi/lib/armv7e-m/softfp\libm.a(lib_a-wf_sqrt.o) (matherr)
c:/program files (x86)/gnu tools arm embedded/4.8 2013q4/bin/../lib/gcc/arm-none-eabi/4.8.3/../../../../arm-none-eabi/lib/armv7e-m/softfp\libm.a(lib_a-sf_fpclassify.o)
                              c:/program files (x86)/gnu tools arm embedded/4.8 2013q4/bin/../lib/gcc/arm-none-eabi/4.8.3/../../../../arm-none-eabi/lib/armv7e-m/softfp\libm.a(lib_a-wf_sqrt.o) (__fpclassifyf)
c:/program files (x86)/gnu tools arm embedded/4.8 2013q4/bin/../lib/gcc/arm-none-eabi/4.8.3/armv7e-m/softfp\libgcc.a(_arm_addsubdf3.o)
                              ..\..\..\libpdmfilter_gcc.a(pdm_filter.o) (__aeabi_dadd)
c:/program files (x86)/gnu tools arm embedded/4.8 2013q4/bin/../lib/gcc/arm-none-eabi/4.8.3/armv7e-m/softfp\libgcc.a(_arm_muldivdf3.o)
                              ..\..\..\libpdmfilter_gcc.a(pdm_filter.o) (__aeabi_dmul)
c:/program files (x86)/gnu tools arm embedded/4.8 2013q4/bin/../lib/gcc/arm-none-eabi/4.8.3/armv7e-m/softfp\libgcc.a(_arm_cmpdf2.o)
                              ..\obj\stm32f4_discovery_lcd.o (__aeabi_dcmplt)
c:/program files (x86)/gnu tools arm embedded/4.8 2013q4/bin/../lib/gcc/arm-none-eabi/4.8.3/armv7e-m/softfp\libgcc.a(_arm_fixdfsi.o)
                              c:/program files (x86)/gnu tools arm embedded/4.8 2013q4/bin/../lib/gcc/arm-none-eabi/4.8.3/../../../../arm-none-eabi/lib/armv7e-m/softfp\libm.a(lib_a-s_lround.o) (__aeabi_d2iz)
c:/program files (x86)/gnu tools arm embedded/4.8 2013q4/bin/../lib/gcc/arm-none-eabi/4.8.3/armv7e-m/softfp\libgcc.a(_arm_fixunsdfsi.o)
                              ..\..\..\libpdmfilter_gcc.a(pdm_filter.o) (__aeabi_d2uiz)
c:/program files (x86)/gnu tools arm embedded/4.8 2013q4/bin/../lib/gcc/arm-none-eabi/4.8.3/armv7e-m/softfp\libgcc.a(_arm_truncdfsf2.o)
                              c:/program files (x86)/gnu tools arm embedded/4.8 2013q4/bin/../lib/gcc/arm-none-eabi/4.8.3/../../../../arm-none-eabi/lib/armv7e-m/softfp\libm.a(lib_a-wf_sqrt.o) (__aeabi_d2f)
c:/program files (x86)/gnu tools arm embedded/4.8 2013q4/bin/../lib/gcc/arm-none-eabi/4.8.3/armv7e-m/softfp\libgcc.a(_arm_muldivsf3.o)
                              ..\..\..\libpdmfilter_gcc.a(pdm_filter.o) (__aeabi_fmul)
c:/program files (x86)/gnu tools arm embedded/4.8 2013q4/bin/../lib/gcc/arm-none-eabi/4.8.3/armv7e-m/softfp\libgcc.a(_arm_cmpsf2.o)
                              ..\..\..\libpdmfilter_gcc.a(pdm_filter.o) (__aeabi_fcmpeq)
c:/program files (x86)/gnu tools arm embedded/4.8 2013q4/bin/../lib/gcc/arm-none-eabi/4.8.3/../../../../arm-none-eabi/lib/armv7e-m/softfp\libc.a(lib_a-errno.o)
                              c:/program files (x86)/gnu tools arm embedded/4.8 2013q4/bin/../lib/gcc/arm-none-eabi/4.8.3/../../../../arm-none-eabi/lib/armv7e-m/softfp\libm.a(lib_a-wf_sqrt.o) (__errno)
c:/program files (x86)/gnu tools arm embedded/4.8 2013q4/bin/../lib/gcc/arm-none-eabi/4.8.3/../../../../arm-none-eabi/lib/armv7e-m/softfp\libc.a(lib_a-impure.o)
                              c:/program files (x86)/gnu tools arm embedded/4.8 2013q4/bin/../lib/gcc/arm-none-eabi/4.8.3/../../../../arm-none-eabi/lib/armv7e-m/softfp\libc.a(lib_a-errno.o) (_impure_ptr)
c:/program files (x86)/gnu tools arm embedded/4.8 2013q4/bin/../lib/gcc/arm-none-eabi/4.8.3/../../../../arm-none-eabi/lib/armv7e-m/softfp\libc.a(lib_a-strlen.o)
[...]
Memory Configuration

Name             Origin             Length             Attributes
rom              0x08000000         0x00100000         xr
ram              0x20000000         0x00020000         xrw
ram1             0x10000000         0x00010000         xrw
*default*        0x00000000         0xffffffff

Linker script and memory map

                0x20020000                _eram = 0x20020000

.text           0x08000000     0xc2d0
 *(.isr_vector .isr_vector.*)
 .isr_vector    0x08000000      0x188 ..\obj\startup_stm32f4xx.o
                0x08000000                g_pfnVectors
 *(.text .text.* .gnu.linkonce.t.*)
 .text.SYSCFG_EXTILineConfig
                0x08000188       0x7c ..\obj\stm32f4xx_syscfg.o
                0x08000188                SYSCFG_EXTILineConfig
 .text.USB_OTG_EnableCommonInt
                0x08000204       0x44 ..\obj\usb_core.o
 .text.USB_OTG_CoreReset
                0x08000248       0x8c ..\obj\usb_core.o
 .text.USB_OTG_WritePacket
                0x080002d4       0x70 ..\obj\usb_core.o
                0x080002d4                USB_OTG_WritePacket
 .text.USB_OTG_ReadPacket
                0x08000344       0x58 ..\obj\usb_core.o
                0x08000344                USB_OTG_ReadPacket
 .text.USB_OTG_SelectCore
                0x0800039c      0x174 ..\obj\usb_core.o
                0x0800039c                USB_OTG_SelectCore
 .text.USB_OTG_CoreInit
                0x08000510      0x1dc ..\obj\usb_core.o
                0x08000510                USB_OTG_CoreInit
 .text.USB_OTG_EnableGlobalInt
                0x080006ec       0x38 ..\obj\usb_core.o
                0x080006ec                USB_OTG_EnableGlobalInt
 .text.USB_OTG_DisableGlobalInt
                0x08000724       0x38 ..\obj\usb_core.o
                0x08000724                USB_OTG_DisableGlobalInt
 .text.USB_OTG_FlushTxFifo
                0x0800075c       0x70 ..\obj\usb_core.o
                0x0800075c                USB_OTG_FlushTxFifo
 .text.USB_OTG_FlushRxFifo
                0x080007cc       0x5c ..\obj\usb_core.o
                0x080007cc                USB_OTG_FlushRxFifo
 .text.USB_OTG_SetCurrentMode
                0x08000828       0x60 ..\obj\usb_core.o
                0x08000828                USB_OTG_SetCurrentMode
 .text.USB_OTG_GetMode
                0x08000888       0x20 ..\obj\usb_core.o
                0x08000888                USB_OTG_GetMode
 .text.USB_OTG_IsDeviceMode
                0x080008a8       0x24 ..\obj\usb_core.o
                0x080008a8                USB_OTG_IsDeviceMode
 .text.USB_OTG_ReadCoreItr
                0x080008cc       0x30 ..\obj\usb_core.o
                0x080008cc                USB_OTG_ReadCoreItr
 .text.USB_OTG_InitDevSpeed
                0x080008fc       0x38 ..\obj\usb_core.o
                0x080008fc                USB_OTG_InitDevSpeed
 .text.USB_OTG_CoreInitDev
                0x08000934      0x27c ..\obj\usb_core.o
                0x08000934                USB_OTG_CoreInitDev
 .text.USB_OTG_EnableDevInt
                0x08000bb0       0x98 ..\obj\usb_core.o
                0x08000bb0                USB_OTG_EnableDevInt
 .text.USB_OTG_GetDeviceSpeed
                0x08000c48       0x48 ..\obj\usb_core.o
                0x08000c48                USB_OTG_GetDeviceSpeed
 .text.USB_OTG_EP0Activate
                0x08000c90       0x78 ..\obj\usb_core.o
                0x08000c90                USB_OTG_EP0Activate
 .text.USB_OTG_EPActivate
                0x08000d08       0xdc ..\obj\usb_core.o
                0x08000d08                USB_OTG_EPActivate
 .text.USB_OTG_EPDeactivate
                0x08000de4       0x8c ..\obj\usb_core.o
                0x08000de4                USB_OTG_EPDeactivate
 .text.USB_OTG_EPStartXfer
                0x08000e70      0x280 ..\obj\usb_core.o
                0x08000e70                USB_OTG_EPStartXfer
 .text.USB_OTG_EP0StartXfer
                0x080010f0      0x1d4 ..\obj\usb_core.o
                0x080010f0                USB_OTG_EP0StartXfer
 .text.USB_OTG_EPSetStall
                0x080012c4       0x88 ..\obj\usb_core.o
                0x080012c4                USB_OTG_EPSetStall
 .text.USB_OTG_EPClearStall
                0x0800134c       0x78 ..\obj\usb_core.o
                0x0800134c                USB_OTG_EPClearStall
 .text.USB_OTG_ReadDevAllOutEp_itr
                0x080013c4       0x2c ..\obj\usb_core.o
                0x080013c4                USB_OTG_ReadDevAllOutEp_itr
 .text.USB_OTG_ReadDevOutEP_itr
                0x080013f0       0x38 ..\obj\usb_core.o
                0x080013f0                USB_OTG_ReadDevOutEP_itr
 .text.USB_OTG_ReadDevAllInEPItr
                0x08001428       0x2c ..\obj\usb_core.o
                0x08001428                USB_OTG_ReadDevAllInEPItr
 .text.USB_OTG_EP0_OutStart
                0x08001454       0x70 ..\obj\usb_core.o
                0x08001454                USB_OTG_EP0_OutStart
 .text.USB_OTG_UngateClock
                0x080014c4       0x54 ..\obj\usb_core.o
                0x080014c4                USB_OTG_UngateClock
 .text.USBD_USR_Init
                0x08001518        0xc ..\obj\usbd_usr.o
                0x08001518                USBD_USR_Init
 .text.USBD_USR_DeviceReset
                0x08001524       0x28 ..\obj\usbd_usr.o
                0x08001524                USBD_USR_DeviceReset
 .text.USBD_USR_DeviceConfigured
                0x0800154c        0xc ..\obj\usbd_usr.o
                0x0800154c                USBD_USR_DeviceConfigured
 .text.USBD_USR_DeviceConnected
                0x08001558        0xc ..\obj\usbd_usr.o
                0x08001558                USBD_USR_DeviceConnected
 .text.USBD_USR_DeviceDisconnected
                0x08001564        0xc ..\obj\usbd_usr.o
                0x08001564                USBD_USR_DeviceDisconnected
 .text.USBD_USR_DeviceSuspended
                0x08001570        0xc ..\obj\usbd_usr.o
                0x08001570                USBD_USR_DeviceSuspended
 .text.USBD_USR_DeviceResumed
                0x0800157c        0xc ..\obj\usbd_usr.o
                0x0800157c                USBD_USR_DeviceResumed
 .text.Default_Reset_Handler
                0x08001588       0x70 ..\obj\startup_stm32f4xx.o
                0x08001588                Default_Reset_Handler
                0x08001588                Reset_Handler
 .text.Default_Handler
                0x080015f8        0x8 ..\obj\startup_stm32f4xx.o
                0x080015f8                RTC_Alarm_IRQHandler
                0x080015f8                HASH_RNG_IRQHandler
                0x080015f8                EXTI2_IRQHandler
                0x080015f8                TIM8_CC_IRQHandler
                0x080015f8                TIM1_CC_IRQHandler
                0x080015f8                DMA2_Stream5_IRQHandler
                0x080015f8                DMA1_Stream5_IRQHandler
                0x080015f8                PVD_IRQHandler
                0x080015f8                SDIO_IRQHandler
                0x080015f8                TAMP_STAMP_IRQHandler
                0x080015f8                CAN2_RX1_IRQHandler
                0x080015f8                EXTI3_IRQHandler
                0x080015f8                TIM8_TRG_COM_TIM14_IRQHandler
                0x080015f8                TIM1_UP_TIM10_IRQHandler
                0x080015f8                TIM8_UP_TIM13_IRQHandler
                0x080015f8                I2C3_ER_IRQHandler
                0x080015f8                EXTI0_IRQHandler
                0x080015f8                I2C2_EV_IRQHandler
                0x080015f8                DMA1_Stream2_IRQHandler
                0x080015f8                CAN1_RX0_IRQHandler
                0x080015f8                FPU_IRQHandler
                0x080015f8                OTG_HS_WKUP_IRQHandler
                0x080015f8                CAN2_SCE_IRQHandler
                0x080015f8                DMA2_Stream2_IRQHandler
                0x080015f8                SPI1_IRQHandler
                0x080015f8                TIM6_DAC_IRQHandler
                0x080015f8                TIM1_BRK_TIM9_IRQHandler
                0x080015f8                DCMI_IRQHandler
                0x080015f8                CAN2_RX0_IRQHandler
                0x080015f8                DMA2_Stream3_IRQHandler
                0x080015f8                USART6_IRQHandler
                0x080015f8                USART3_IRQHandler
                0x080015f8                CRYP_IRQHandler
                0x080015f8                CAN1_RX1_IRQHandler
                0x080015f8                UART5_IRQHandler
                0x080015f8                DMA2_Stream0_IRQHandler
                0x080015f8                TIM4_IRQHandler
                0x080015f8                I2C1_EV_IRQHandler
                0x080015f8                DMA1_Stream6_IRQHandler
                0x080015f8                DMA1_Stream1_IRQHandler
                0x080015f8                UART4_IRQHandler
                0x080015f8                TIM3_IRQHandler
                0x080015f8                RCC_IRQHandler
                0x080015f8                TIM8_BRK_TIM12_IRQHandler
                0x080015f8                EXTI15_10_IRQHandler
                0x080015f8                ADC_IRQHandler
                0x080015f8                DMA1_Stream7_IRQHandler
                0x080015f8                TIM7_IRQHandler
                0x080015f8                CAN2_TX_IRQHandler
                0x080015f8                TIM5_IRQHandler
                0x080015f8                DMA2_Stream7_IRQHandler
                0x080015f8                I2C3_EV_IRQHandler
                0x080015f8                EXTI9_5_IRQHandler
                0x080015f8                RTC_WKUP_IRQHandler
                0x080015f8                ETH_WKUP_IRQHandler
                0x080015f8                OTG_HS_EP1_IN_IRQHandler
                0x080015f8                DMA1_Stream0_IRQHandler
                0x080015f8                CAN1_TX_IRQHandler
                0x080015f8                EXTI4_IRQHandler
                0x080015f8                FSMC_IRQHandler
                0x080015f8                ETH_IRQHandler
                0x080015f8                OTG_HS_EP1_OUT_IRQHandler
                0x080015f8                WWDG_IRQHandler
                0x080015f8                TIM2_IRQHandler
                0x080015f8                TIM1_TRG_COM_TIM11_IRQHandler
                0x080015f8                OTG_HS_IRQHandler
                0x080015f8                EXTI1_IRQHandler
                0x080015f8                USART2_IRQHandler
                0x080015f8                I2C2_ER_IRQHandler
                0x080015f8                DMA2_Stream1_IRQHandler
                0x080015f8                CAN1_SCE_IRQHandler
                0x080015f8                FLASH_IRQHandler
                0x080015f8                DMA2_Stream4_IRQHandler
                0x080015f8                USART1_IRQHandler
                0x080015f8                SPI3_IRQHandler
                0x080015f8                DMA1_Stream4_IRQHandler
                0x080015f8                I2C1_ER_IRQHandler
                0x080015f8                DMA2_Stream6_IRQHandler
                0x080015f8                DMA1_Stream3_IRQHandler
 .text.STM_EVAL_PBInit
                0x08001600       0x94 ..\obj\stm32f4_discovery.o
                0x08001600                STM_EVAL_PBInit
 .text.STM_EVAL_PBGetState
                0x08001694       0x2c ..\obj\stm32f4_discovery.o
                0x08001694                STM_EVAL_PBGetState
 .text.USBD_Init
                0x080016c0       0x54 ..\obj\usbd_core.o
                0x080016c0                USBD_Init
 .text.USBD_DeInit
                0x08001714       0x18 ..\obj\usbd_core.o
                0x08001714                USBD_DeInit
 .text.USBD_SetupStage
                0x0800172c       0x6c ..\obj\usbd_core.o
 .text.USBD_DataOutStage
                0x08001798       0xd0 ..\obj\usbd_core.o
 .text.USBD_DataInStage
                0x08001868      0x104 ..\obj\usbd_core.o
 .text.USBD_Reset
                0x0800196c       0x44 ..\obj\usbd_core.o
 .text.USBD_Resume
                0x080019b0       0x24 ..\obj\usbd_core.o
 .text.USBD_Suspend
                0x080019d4       0x24 ..\obj\usbd_core.o
 .text.USBD_SOF
                0x080019f8       0x2c ..\obj\usbd_core.o
 .text.USBD_SetCfg
                0x08001a24       0x30 ..\obj\usbd_core.o
                0x08001a24                USBD_SetCfg
 .text.USBD_ClrCfg
                0x08001a54       0x28 ..\obj\usbd_core.o
                0x08001a54                USBD_ClrCfg
 .text.USBD_IsoINIncomplete
                0x08001a7c       0x20 ..\obj\usbd_core.o
 .text.USBD_IsoOUTIncomplete
                0x08001a9c       0x20 ..\obj\usbd_core.o
 .text.NVIC_SetPriority
                0x08001abc       0x54 ..\obj\main.o
 .text.SysTick_Config
                0x08001b10       0x44 ..\obj\main.o
 .text.main     0x08001b54      0x2a8 ..\obj\main.o
                0x08001b54                main
 .text.GPIO_Configure
                0x08001dfc       0x98 ..\obj\main.o
 .text.I2S_Configure
                0x08001e94       0x48 ..\obj\main.o
 .text.NVIC_Configure
                0x08001edc       0x2c ..\obj\main.o
 .text.RCC_Configure
                0x08001f08       0x68 ..\obj\main.o
 .text.SysTick_Handler
                0x08001f70       0x30 ..\obj\main.o
                0x08001f70                SysTick_Handler
 .text.OTG_FS_IRQHandler
                0x08001fa0       0x10 ..\obj\main.o
                0x08001fa0                OTG_FS_IRQHandler
 .text.OTG_FS_WKUP_IRQHandler
                0x08001fb0       0x34 ..\obj\main.o
                0x08001fb0                OTG_FS_WKUP_IRQHandler
 .text.RCC_PLLI2SCmd
                0x08001fe4       0x20 ..\obj\stm32f4xx_rcc.o
                0x08001fe4                RCC_PLLI2SCmd
 .text.RCC_AHB1PeriphClockCmd
                0x08002004       0x3c ..\obj\stm32f4xx_rcc.o
                0x08002004                RCC_AHB1PeriphClockCmd
 .text.RCC_AHB2PeriphClockCmd
                0x08002040       0x3c ..\obj\stm32f4xx_rcc.o
                0x08002040                RCC_AHB2PeriphClockCmd
 .text.RCC_APB1PeriphClockCmd
                0x0800207c       0x3c ..\obj\stm32f4xx_rcc.o
                0x0800207c                RCC_APB1PeriphClockCmd
 .text.RCC_APB2PeriphClockCmd
                0x080020b8       0x3c ..\obj\stm32f4xx_rcc.o
                0x080020b8                RCC_APB2PeriphClockCmd
 .text.RCC_APB1PeriphResetCmd
                0x080020f4       0x3c ..\obj\stm32f4xx_rcc.o
                0x080020f4                RCC_APB1PeriphResetCmd
 .text.RCC_APB2PeriphResetCmd
                0x08002130       0x3c ..\obj\stm32f4xx_rcc.o
                0x08002130                RCC_APB2PeriphResetCmd
 .text.arm_rfft_init_f32
                0x0800216c       0xc4 ..\obj\arm_rfft_init_f32.o
                0x0800216c                arm_rfft_init_f32
 .text.NMI_Handler
                0x08002230        0xc ..\obj\stm32f4xx_it.o
                0x08002230                NMI_Handler
 .text.HardFault_Handler
                0x0800223c        0x8 ..\obj\stm32f4xx_it.o
                0x0800223c                HardFault_Handler
 .text.MemManage_Handler
                0x08002244        0x8 ..\obj\stm32f4xx_it.o
                0x08002244                MemManage_Handler
 .text.BusFault_Handler
                0x0800224c        0x8 ..\obj\stm32f4xx_it.o
                0x0800224c                BusFault_Handler
 .text.UsageFault_Handler
                0x08002254        0x8 ..\obj\stm32f4xx_it.o
                0x08002254                UsageFault_Handler
 .text.SVC_Handler
                0x0800225c        0xc ..\obj\stm32f4xx_it.o
                0x0800225c                SVC_Handler
 .text.DebugMon_Handler
                0x08002268        0xc ..\obj\stm32f4xx_it.o
                0x08002268                DebugMon_Handler
 .text.PendSV_Handler
                0x08002274        0xc ..\obj\stm32f4xx_it.o
                0x08002274                PendSV_Handler
 .text.SPI2_IRQHandler
                0x08002280       0x8c ..\obj\stm32f4xx_it.o
                0x08002280                SPI2_IRQHandler
 .text.USBD_USR_DeviceDescriptor
                0x0800230c       0x24 ..\obj\usbd_desc.o
                0x0800230c                USBD_USR_DeviceDescriptor
 .text.USBD_USR_LangIDStrDescriptor
                0x08002330       0x24 ..\obj\usbd_desc.o
                0x08002330                USBD_USR_LangIDStrDescriptor
 .text.USBD_USR_ProductStrDescriptor
                0x08002354       0x40 ..\obj\usbd_desc.o
                0x08002354                USBD_USR_ProductStrDescriptor
 .text.USBD_USR_ManufacturerStrDescriptor
                0x08002394       0x28 ..\obj\usbd_desc.o
                0x08002394                USBD_USR_ManufacturerStrDescriptor
 .text.USBD_USR_SerialStrDescriptor
                0x080023bc       0x40 ..\obj\usbd_desc.o
                0x080023bc                USBD_USR_SerialStrDescriptor
 .text.USBD_USR_ConfigStrDescriptor
                0x080023fc       0x3c ..\obj\usbd_desc.o
                0x080023fc                USBD_USR_ConfigStrDescriptor
 .text.USBD_USR_InterfaceStrDescriptor
                0x08002438       0x3c ..\obj\usbd_desc.o
                0x08002438                USBD_USR_InterfaceStrDescriptor
 .text.GPIO_Init
                0x08002474      0x11c ..\obj\stm32f4xx_gpio.o
                0x08002474                GPIO_Init
 .text.GPIO_ReadInputDataBit
                0x08002590       0x34 ..\obj\stm32f4xx_gpio.o
                0x08002590                GPIO_ReadInputDataBit
 .text.GPIO_SetBits
                0x080025c4       0x1c ..\obj\stm32f4xx_gpio.o
                0x080025c4                GPIO_SetBits
 .text.GPIO_ResetBits
                0x080025e0       0x1c ..\obj\stm32f4xx_gpio.o
                0x080025e0                GPIO_ResetBits
 .text.GPIO_PinAFConfig
                0x080025fc       0x8c ..\obj\stm32f4xx_gpio.o
                0x080025fc                GPIO_PinAFConfig
 .text.VCP_Init
                0x08002688       0x10 ..\obj\usbd_cdc_vcp.o
 .text.VCP_DeInit
                0x08002698       0x10 ..\obj\usbd_cdc_vcp.o
 .text.VCP_Ctrl
                0x080026a8      0x110 ..\obj\usbd_cdc_vcp.o
 .text.VCP_send_buffer
                0x080027b8       0x1c ..\obj\usbd_cdc_vcp.o
                0x080027b8                VCP_send_buffer
 .text.VCP_DataTx
                0x080027d4       0x60 ..\obj\usbd_cdc_vcp.o
 .text.VCP_DataRx
                0x08002834       0x70 ..\obj\usbd_cdc_vcp.o
 .text.VCP_get_char
                0x080028a4       0x58 ..\obj\usbd_cdc_vcp.o
                0x080028a4                VCP_get_char
 .text.SystemInit
                0x080028fc       0x68 ..\obj\system_stm32f4xx.o
                0x080028fc                SystemInit
 .text.SetSysClock
                0x08002964      0x128 ..\obj\system_stm32f4xx.o
 .text.USB_OTG_BSP_Init
                0x08002a8c       0xb0 ..\obj\usb_bsp.o
                0x08002a8c                USB_OTG_BSP_Init
 .text.USB_OTG_BSP_EnableInterrupt
                0x08002b3c       0x30 ..\obj\usb_bsp.o
                0x08002b3c                USB_OTG_BSP_EnableInterrupt
 .text.USB_OTG_BSP_uDelay
                0x08002b6c       0x48 ..\obj\usb_bsp.o
                0x08002b6c                USB_OTG_BSP_uDelay
 .text.USB_OTG_BSP_mDelay
                0x08002bb4       0x20 ..\obj\usb_bsp.o
                0x08002bb4                USB_OTG_BSP_mDelay
 .text.USBD_StdDevReq
                0x08002bd4       0xa0 ..\obj\usbd_req.o
                0x08002bd4                USBD_StdDevReq
 .text.USBD_StdItfReq
                0x08002c74       0x68 ..\obj\usbd_req.o
                0x08002c74                USBD_StdItfReq
 .text.USBD_StdEPReq
                0x08002cdc      0x1b0 ..\obj\usbd_req.o
                0x08002cdc                USBD_StdEPReq
 .text.USBD_GetDescriptor
                0x08002e8c      0x1b8 ..\obj\usbd_req.o
 .text.USBD_SetAddress
                0x08003044       0x7c ..\obj\usbd_req.o
 .text.USBD_SetConfig
                0x080030c0       0xf4 ..\obj\usbd_req.o
 .text.USBD_GetConfig
                0x080031b4       0x60 ..\obj\usbd_req.o
 .text.USBD_GetStatus
                0x08003214       0x50 ..\obj\usbd_req.o
 .text.USBD_SetFeature
                0x08003264       0xcc ..\obj\usbd_req.o
 .text.USBD_ClrFeature
                0x08003330       0x50 ..\obj\usbd_req.o
 .text.USBD_ParseSetupRequest
                0x08003380       0x8c ..\obj\usbd_req.o
                0x08003380                USBD_ParseSetupRequest
 .text.USBD_CtlError
                0x0800340c       0x48 ..\obj\usbd_req.o
                0x0800340c                USBD_CtlError
 .text.USBD_GetString
                0x08003454       0x7c ..\obj\usbd_req.o
                0x08003454                USBD_GetString
 .text.USBD_GetLen
                0x080034d0       0x30 ..\obj\usbd_req.o
 .text.USBD_OTG_ISR_Handler
                0x08003500      0x15c ..\obj\usb_dcd_int.o
                0x08003500                USBD_OTG_ISR_Handler
 .text.DCD_HandleResume_ISR
                0x0800365c       0x80 ..\obj\usb_dcd_int.o
 .text.DCD_HandleUSBSuspend_ISR
                0x080036dc       0x9c ..\obj\usb_dcd_int.o
 .text.DCD_HandleInEP_ISR
                0x08003778      0x1ec ..\obj\usb_dcd_int.o
 .text.DCD_HandleOutEP_ISR
                0x08003964      0x178 ..\obj\usb_dcd_int.o
 .text.DCD_HandleSof_ISR
                0x08003adc       0x34 ..\obj\usb_dcd_int.o
 .text.DCD_HandleRxStatusQueueLevel_ISR
                0x08003b10      0x104 ..\obj\usb_dcd_int.o
 .text.DCD_WriteEmptyTxFifo
                0x08003c14       0xe4 ..\obj\usb_dcd_int.o
 .text.DCD_HandleUsbReset_ISR
                0x08003cf8      0x144 ..\obj\usb_dcd_int.o
 .text.DCD_HandleEnumDone_ISR
                0x08003e3c       0x78 ..\obj\usb_dcd_int.o
 .text.DCD_IsoINIncomplete_ISR
                0x08003eb4       0x34 ..\obj\usb_dcd_int.o
 .text.DCD_IsoOUTIncomplete_ISR
                0x08003ee8       0x34 ..\obj\usb_dcd_int.o
 .text.DCD_ReadDevInEP
                0x08003f1c       0x50 ..\obj\usb_dcd_int.o
 .text.usbd_cdc_Init
                0x08003f6c       0x88 ..\obj\usbd_cdc_core.o
 .text.usbd_cdc_DeInit
                0x08003ff4       0x38 ..\obj\usbd_cdc_core.o
 .text.usbd_cdc_Setup
                0x0800402c      0x120 ..\obj\usbd_cdc_core.o
 .text.usbd_cdc_EP0_RxReady
                0x0800414c       0x44 ..\obj\usbd_cdc_core.o
 .text.usbd_cdc_DataIn
                0x08004190       0xc0 ..\obj\usbd_cdc_core.o
 .text.usbd_cdc_DataOut
                0x08004250       0x54 ..\obj\usbd_cdc_core.o
 .text.usbd_cdc_SOF
                0x080042a4       0x30 ..\obj\usbd_cdc_core.o
 .text.Handle_USBAsynchXfer
                0x080042d4      0x100 ..\obj\usbd_cdc_core.o
 .text.USBD_cdc_GetCfgDesc
                0x080043d4       0x24 ..\obj\usbd_cdc_core.o
 .text.SPI_I2S_DeInit
                0x080043f8       0x74 ..\obj\stm32f4xx_spi.o
                0x080043f8                SPI_I2S_DeInit
 .text.I2S_Init
                0x0800446c      0x1b0 ..\obj\stm32f4xx_spi.o
                0x0800446c                I2S_Init
 .text.I2S_Cmd  0x0800461c       0x40 ..\obj\stm32f4xx_spi.o
                0x0800461c                I2S_Cmd
 .text.SPI_I2S_ReceiveData
                0x0800465c       0x1c ..\obj\stm32f4xx_spi.o
                0x0800465c                SPI_I2S_ReceiveData
 .text.SPI_I2S_ITConfig
                0x08004678       0x60 ..\obj\stm32f4xx_spi.o
                0x08004678                SPI_I2S_ITConfig
 .text.SPI_I2S_GetITStatus
                0x080046d8       0x78 ..\obj\stm32f4xx_spi.o
                0x080046d8                SPI_I2S_GetITStatus
 .text.EXTI_Init
                0x08004750       0xdc ..\obj\stm32f4xx_exti.o
                0x08004750                EXTI_Init
 .text.EXTI_ClearITPendingBit
                0x0800482c       0x1c ..\obj\stm32f4xx_exti.o
                0x0800482c                EXTI_ClearITPendingBit
 .text.NVIC_PriorityGroupConfig
                0x08004848       0x24 ..\obj\misc.o
                0x08004848                NVIC_PriorityGroupConfig
 .text.NVIC_Init
                0x0800486c       0xbc ..\obj\misc.o
                0x0800486c                NVIC_Init
 .text.DCD_Init
                0x08004928      0x100 ..\obj\usb_dcd.o
                0x08004928                DCD_Init
 .text.DCD_EP_Open
                0x08004a28       0x9c ..\obj\usb_dcd.o
                0x08004a28                DCD_EP_Open
 .text.DCD_EP_Close
                0x08004ac4       0x70 ..\obj\usb_dcd.o
                0x08004ac4                DCD_EP_Close
 .text.DCD_EP_PrepareRx
                0x08004b34       0x80 ..\obj\usb_dcd.o
                0x08004b34                DCD_EP_PrepareRx
 .text.DCD_EP_Tx
                0x08004bb4       0x78 ..\obj\usb_dcd.o
                0x08004bb4                DCD_EP_Tx
 .text.DCD_EP_Stall
                0x08004c2c       0x74 ..\obj\usb_dcd.o
                0x08004c2c                DCD_EP_Stall
 .text.DCD_EP_ClrStall
                0x08004ca0       0x74 ..\obj\usb_dcd.o
                0x08004ca0                DCD_EP_ClrStall
 .text.DCD_EP_SetAddress
                0x08004d14       0x3c ..\obj\usb_dcd.o
                0x08004d14                DCD_EP_SetAddress
 .text.USBD_CtlSendData
                0x08004d50       0x40 ..\obj\usbd_ioreq.o
                0x08004d50                USBD_CtlSendData
 .text.USBD_CtlContinueSendData
                0x08004d90       0x28 ..\obj\usbd_ioreq.o
                0x08004d90                USBD_CtlContinueSendData
 .text.USBD_CtlPrepareRx
                0x08004db8       0x40 ..\obj\usbd_ioreq.o
                0x08004db8                USBD_CtlPrepareRx
 .text.USBD_CtlContinueRx
                0x08004df8       0x28 ..\obj\usbd_ioreq.o
                0x08004df8                USBD_CtlContinueRx
 .text.USBD_CtlSendStatus
                0x08004e20       0x30 ..\obj\usbd_ioreq.o
                0x08004e20                USBD_CtlSendStatus
 .text.USBD_CtlReceiveStatus
                0x08004e50       0x30 ..\obj\usbd_ioreq.o
                0x08004e50                USBD_CtlReceiveStatus
 .text.arm_cfft_radix4_init_f32
                0x08004e80       0xe4 ..\obj\arm_cfft_radix4_init_f32.o
                0x08004e80                arm_cfft_radix4_init_f32
 *fill*         0x08004f64        0x4 
 .text.PDM_Filter_Init
                0x08004f68      0x108 ..\..\..\libpdmfilter_gcc.a(pdm_filter.o)
                0x08004f68                PDM_Filter_Init
 .text.PDM_Filter_64_LSB
                0x08005070      0x2e4 ..\..\..\libpdmfilter_gcc.a(pdm_filter.o)
                0x08005070                PDM_Filter_64_LSB
 .text          0x08005354      0x370 c:/program files (x86)/gnu tools arm embedded/4.8 2013q4/bin/../lib/gcc/arm-none-eabi/4.8.3/armv7e-m/softfp\libgcc.a(_arm_addsubdf3.o)
                0x08005354                __aeabi_drsub
                0x0800535c                __aeabi_dsub
                0x0800535c                __subdf3
                0x08005360                __aeabi_dadd
                0x08005360                __adddf3
                0x080055d8                __floatunsidf
                0x080055d8                __aeabi_ui2d
                0x080055f8                __floatsidf
                0x080055f8                __aeabi_i2d
                0x0800561c                __aeabi_f2d
                0x0800561c                __extendsfdf2
                0x08005658                __floatundidf
                0x08005658                __aeabi_ul2d
                0x08005668                __floatdidf
                0x08005668                __aeabi_l2d
 .text          0x080056c4      0x424 c:/program files (x86)/gnu tools arm embedded/4.8 2013q4/bin/../lib/gcc/arm-none-eabi/4.8.3/armv7e-m/softfp\libgcc.a(_arm_muldivdf3.o)
                0x080056c4                __aeabi_dmul
                0x080056c4                __muldf3
                0x08005918                __divdf3
                0x08005918                __aeabi_ddiv
 .text          0x08005ae8       0x40 c:/program files (x86)/gnu tools arm embedded/4.8 2013q4/bin/../lib/gcc/arm-none-eabi/4.8.3/armv7e-m/softfp\libgcc.a(_arm_fixunsdfsi.o)
                0x08005ae8                __aeabi_d2uiz
                0x08005ae8                __fixunsdfsi
 .text          0x08005b28      0x2a0 c:/program files (x86)/gnu tools arm embedded/4.8 2013q4/bin/../lib/gcc/arm-none-eabi/4.8.3/armv7e-m/softfp\libgcc.a(_arm_muldivsf3.o)
                0x08005b28                __mulsf3
                0x08005b28                __aeabi_fmul
                0x08005c90                __aeabi_fdiv
                0x08005c90                __divsf3
 .text          0x08005dc8       0xec c:/program files (x86)/gnu tools arm embedded/4.8 2013q4/bin/../lib/gcc/arm-none-eabi/4.8.3/armv7e-m/softfp\libgcc.a(_arm_cmpsf2.o)
                0x08005dc8                __gesf2
                0x08005dc8                __gtsf2
                0x08005dd0                __lesf2
                0x08005dd0                __ltsf2
                0x08005dd8                __nesf2
                0x08005dd8                __eqsf2
                0x08005dd8                __cmpsf2
                0x08005e38                __aeabi_cfrcmple
                0x08005e40                __aeabi_cfcmpeq
                0x08005e40                __aeabi_cfcmple
                0x08005e50                __aeabi_fcmpeq
                0x08005e64                __aeabi_fcmplt
                0x08005e78                __aeabi_fcmple
                0x08005e8c                __aeabi_fcmpge
                0x08005ea0                __aeabi_fcmpgt
 *(.glue_7t)
 .glue_7t       0x00000000        0x0 linker stubs
 *(.glue_7)
 .glue_7        0x00000000        0x0 linker stubs
 *(.rodata .rodata* .gnu.linkonce.r.*)
 .rodata        0x08005eb4      0x380 ..\obj\arm_common_tables.o
                0x08005eb4                armBitRevTable
                0x080060b4                armRecipTableQ15
                0x08006134                armRecipTableQ31
 .rodata        0x08006234        0x4 ..\obj\main.o
 .rodata        0x08006238     0x4000 ..\obj\arm_rfft_init_f32.o
 .rodata        0x0800a238       0x98 ..\obj\usbd_desc.o
 .rodata        0x0800a2d0     0x2000 ..\obj\arm_cfft_radix4_init_f32.o

.vfp11_veneer   0x0800c2d0        0x0
 .vfp11_veneer  0x00000000        0x0 linker stubs

.v4_bx          0x0800c2d0        0x0
 .v4_bx         0x00000000        0x0 linker stubs

.iplt           0x0800c2d0        0x0
 .iplt          0x00000000        0x0 ..\obj\stm32f4xx_syscfg.o

.rel.dyn        0x0800c2d0        0x0
 .rel.iplt      0x00000000        0x0 ..\obj\stm32f4xx_syscfg.o

.ARM.extab
 *(.ARM.extab* .gnu.linkonce.armextab.*)
                0x0800c2d0                __exidx_start = .

.ARM.exidx
 *(.ARM.exidx* .gnu.linkonce.armexidx.*)
                0x0800c2d0                __exidx_end = .
                0x0800c2d0                . = ALIGN (0x4)
                0x0800c2d0                _etext = .
                0x0800c2d0                _sidata = .

.data           0x20000000      0x444 load address 0x0800c2d0
                0x20000000                _sdata = .
 *(.data .data.*)
 .data          0x20000000       0x1c ..\obj\usbd_usr.o
                0x20000000                USR_cb
 .data          0x2000001c       0x14 ..\obj\stm32f4_discovery.o
                0x2000001c                GPIO_PORT
                0x2000002c                BUTTON_PORT
 .data          0x20000030       0x30 ..\obj\usbd_core.o
                0x20000030                USBD_DCD_INT_cb
                0x2000005c                USBD_DCD_INT_fops
 .data          0x20000060       0x40 ..\obj\usbd_desc.o
                0x20000060                USR_desc
                0x2000007c                USBD_DeviceDesc
                0x20000090                USBD_DeviceQualifierDesc
                0x2000009c                USBD_LangIDDesc
 .data          0x200000a0       0x1c ..\obj\usbd_cdc_vcp.o
                0x200000a0                linecoding
                0x200000a8                VCP_fops
 .data          0x200000bc       0x14 ..\obj\system_stm32f4xx.o
                0x200000bc                SystemCoreClock
                0x200000c0                AHBPrescTable
 .data          0x200000d0       0x74 ..\obj\usbd_cdc_core.o
                0x200000d0                usbd_cdc_CfgDesc
                0x20000118                USBD_CDC_cb
 .data.T0       0x20000144      0x100 ..\..\..\libpdmfilter_gcc.a(pdm_filter.o)
                0x20000144                T0
 .data.T1       0x20000244      0x100 ..\..\..\libpdmfilter_gcc.a(pdm_filter.o)
                0x20000244                T1
 .data.T2       0x20000344      0x100 ..\..\..\libpdmfilter_gcc.a(pdm_filter.o)
                0x20000344                T2
                0x20000444                . = ALIGN (0x4)
                0x20000444                _edata = .

.igot.plt       0x20000444        0x0 load address 0x0800c714
 .igot.plt      0x00000000        0x0 ..\obj\stm32f4xx_syscfg.o

.bss            0x20000444     0x4938 load address 0x0800c714
                0x20000444                _sbss = .
 *(.bss .bss.*)
 .bss           0x20000444        0x8 ..\obj\main.o
                0x20000444                buf_idx
                0x20000446                buf_idx1
                0x20000448                sw
 .bss           0x2000044c       0x10 ..\obj\stm32f4xx_it.o
                0x2000044c                InternalBufferSize
                0x20000450                Data_Status
                0x20000454                x
                0x20000458                y
 .bss           0x2000045c       0x10 ..\obj\usbd_req.o
                0x2000045c                USBD_ep_status
                0x20000460                USBD_default_cfg
                0x20000464                USBD_cfg_status
 .bss           0x2000046c       0x1c ..\obj\usbd_cdc_core.o
                0x20000470                APP_Rx_ptr_in
                0x20000474                APP_Rx_ptr_out
                0x20000478                APP_Rx_length
                0x2000047c                USB_Tx_State
 .bss.stm32_crc
                0x20000488        0x4 ..\..\..\libpdmfilter_gcc.a(pdm_filter.o)
                0x20000488                stm32_crc
 *(COMMON)
 COMMON         0x2000048c     0x2798 ..\obj\main.o
                0x2000048c                PDM_Input_Buffer
                0x2000050c                ticker
                0x20000510                f
                0x20000514                buffer_input1
                0x20001514                S
                0x2000152c                text
                0x20001590                mode
                0x20001594                AudioRecBuf
                0x20001598                Filter
                0x200015cc                WriteBuf
                0x200015d0                f2
                0x200015d4                downTicker
                0x200015d8                maxvalue
                0x200015dc                buffer_input
                0x200025dc                USB_OTG_dev
                0x20002bcc                S_CFFT
                0x20002be0                PCM_Output_Buffer1
                0x20002c00                PCM_Output_Buffer
                0x20002c20                maxvalueindex
 COMMON         0x20002c24       0x98 ..\obj\usbd_cdc_vcp.o
                0x20002c24                APP_Tx_Buffer
                0x20002ca4                APP_tx_ptr_tail
                0x20002ca8                USART_InitStructure
                0x20002cb8                APP_tx_ptr_head
 COMMON         0x20002cbc       0x32 ..\obj\usbd_req.o
                0x20002cbc                USBD_StrDesc
 *fill*         0x20002cee        0x2 
 COMMON         0x20002cf0     0x208c ..\obj\usbd_cdc_core.o
                0x20002cf0                usbd_cdc_OtherCfgDesc
                0x20002d34                USB_Rx_Buffer
                0x20002d74                CmdBuff
                0x20002d7c                APP_Rx_Buffer
                0x20004d7c                . = ALIGN (0x4)
                0x20004d7c                _ebss = .

.co_stack       0x20004d7c      0x804 load address 0x0801104c
                0x20004d80                . = ALIGN (0x8)
 *fill*         0x20004d7c        0x4 
 *(.co_stack .co_stack.*)
 .co_stack      0x20004d80      0x800 ..\obj\startup_stm32f4xx.o
                0x20004d80                pulStack
                0x20005580                . = ALIGN (0x4)
                0x20005580                _end = .
LOAD ..\obj\stm32f4xx_syscfg.o
LOAD ..\obj\usb_core.o
LOAD ..\obj\stm32f4_discovery_lcd.o
LOAD ..\obj\arm_cfft_radix4_f32.o
LOAD ..\obj\usbd_usr.o
LOAD ..\obj\arm_common_tables.o
LOAD ..\obj\arm_rfft_f32.o
LOAD ..\obj\stm32f4xx_usart.o
LOAD ..\obj\startup_stm32f4xx.o
LOAD ..\obj\stm32f4_discovery.o
LOAD ..\obj\stm32f4xx_crc.o
LOAD ..\obj\usbd_core.o
LOAD ..\obj\main.o
LOAD ..\obj\stm32f4xx_rcc.o
LOAD ..\obj\arm_rfft_init_f32.o
LOAD ..\obj\stm32f4xx_it.o
LOAD ..\obj\fonts.o
LOAD ..\obj\arm_cmplx_mag_f32.o
LOAD ..\obj\usbd_desc.o
LOAD ..\obj\stm32f4xx_fsmc.o
LOAD ..\obj\stm32f4xx_gpio.o
LOAD ..\obj\usbd_cdc_vcp.o
LOAD ..\obj\system_stm32f4xx.o
LOAD ..\obj\syscalls.o
LOAD ..\obj\stm32f4xx_dma.o
LOAD ..\obj\usb_bsp.o
LOAD ..\obj\usbd_req.o
LOAD ..\obj\usb_dcd_int.o
LOAD ..\obj\usbd_cdc_core.o
LOAD ..\obj\stm32f4xx_spi.o
LOAD ..\obj\stm32f4xx_exti.o
LOAD ..\obj\misc.o
LOAD ..\obj\usb_dcd.o
LOAD ..\obj\usbd_ioreq.o
LOAD ..\obj\arm_max_f32.o
LOAD ..\obj\arm_cfft_radix4_init_f32.o
LOAD ..\..\..\libpdmfilter_gcc.a
LOAD c:/program files (x86)/gnu tools arm embedded/4.8 2013q4/bin/../lib/gcc/arm-none-eabi/4.8.3/../../../../arm-none-eabi/lib/armv7e-m/softfp\libm.a
LOAD c:/program files (x86)/gnu tools arm embedded/4.8 2013q4/bin/../lib/gcc/arm-none-eabi/4.8.3/armv7e-m/softfp\libgcc.a
LOAD c:/program files (x86)/gnu tools arm embedded/4.8 2013q4/bin/../lib/gcc/arm-none-eabi/4.8.3/../../../../arm-none-eabi/lib/armv7e-m/softfp\libc.a
START GROUP
LOAD c:/program files (x86)/gnu tools arm embedded/4.8 2013q4/bin/../lib/gcc/arm-none-eabi/4.8.3/armv7e-m/softfp\libgcc.a
LOAD c:/program files (x86)/gnu tools arm embedded/4.8 2013q4/bin/../lib/gcc/arm-none-eabi/4.8.3/../../../../arm-none-eabi/lib/armv7e-m/softfp\libg.a
LOAD c:/program files (x86)/gnu tools arm embedded/4.8 2013q4/bin/../lib/gcc/arm-none-eabi/4.8.3/../../../../arm-none-eabi/lib/armv7e-m/softfp\libc.a
END GROUP
OUTPUT(DevKit407_AudioSpectrumAnalyzer.elf elf32-littlearm)

.debug_info     0x00000000     0xfd37
 .debug_info    0x00000000      0x24b ..\obj\stm32f4xx_syscfg.o
 .debug_info    0x0000024b     0x24ef ..\obj\usb_core.o
 .debug_info    0x0000273a      0x1b5 ..\obj\usbd_usr.o
 .debug_info    0x000028ef      0x12e ..\obj\arm_common_tables.o
 .debug_info    0x00002a1d       0xed ..\obj\startup_stm32f4xx.o
 .debug_info    0x00002b0a      0x85d ..\obj\stm32f4_discovery.o
 .debug_info    0x00003367      0xe69 ..\obj\usbd_core.o
 .debug_info    0x000041d0     0x18c5 ..\obj\main.o
 .debug_info    0x00005a95      0xc21 ..\obj\stm32f4xx_rcc.o
 .debug_info    0x000066b6      0x2bd ..\obj\arm_rfft_init_f32.o
 .debug_info    0x00006973      0x3ad ..\obj\stm32f4xx_it.o
 .debug_info    0x00006d20      0x342 ..\obj\usbd_desc.o
 .debug_info    0x00007062      0x5d6 ..\obj\stm32f4xx_gpio.o
 .debug_info    0x00007638      0x482 ..\obj\usbd_cdc_vcp.o
 .debug_info    0x00007aba      0x566 ..\obj\system_stm32f4xx.o
 .debug_info    0x00008020      0xfd8 ..\obj\usb_bsp.o
 .debug_info    0x00008ff8      0xf6f ..\obj\usbd_req.o
 .debug_info    0x00009f67     0x1d41 ..\obj\usb_dcd_int.o
 .debug_info    0x0000bca8      0xec6 ..\obj\usbd_cdc_core.o
 .debug_info    0x0000cb6e      0xadb ..\obj\stm32f4xx_spi.o
 .debug_info    0x0000d649      0x331 ..\obj\stm32f4xx_exti.o
 .debug_info    0x0000d97a      0x51c ..\obj\misc.o
 .debug_info    0x0000de96      0xff3 ..\obj\usb_dcd.o
 .debug_info    0x0000ee89      0xc8b ..\obj\usbd_ioreq.o
 .debug_info    0x0000fb14      0x223 ..\obj\arm_cfft_radix4_init_f32.o

.debug_abbrev   0x00000000     0x28e6
 .debug_abbrev  0x00000000      0x131 ..\obj\stm32f4xx_syscfg.o
 .debug_abbrev  0x00000131      0x2e7 ..\obj\usb_core.o
 .debug_abbrev  0x00000418       0xdd ..\obj\usbd_usr.o
 .debug_abbrev  0x000004f5       0x68 ..\obj\arm_common_tables.o
 .debug_abbrev  0x0000055d       0xb0 ..\obj\startup_stm32f4xx.o
 .debug_abbrev  0x0000060d      0x183 ..\obj\stm32f4_discovery.o
 .debug_abbrev  0x00000790      0x21d ..\obj\usbd_core.o
 .debug_abbrev  0x000009ad      0x2cc ..\obj\main.o
 .debug_abbrev  0x00000c79      0x1e3 ..\obj\stm32f4xx_rcc.o
 .debug_abbrev  0x00000e5c       0xee ..\obj\arm_rfft_init_f32.o
 .debug_abbrev  0x00000f4a      0x17f ..\obj\stm32f4xx_it.o
 .debug_abbrev  0x000010c9      0x12c ..\obj\usbd_desc.o
 .debug_abbrev  0x000011f5      0x1a3 ..\obj\stm32f4xx_gpio.o
 .debug_abbrev  0x00001398      0x189 ..\obj\usbd_cdc_vcp.o
 .debug_abbrev  0x00001521      0x136 ..\obj\system_stm32f4xx.o
 .debug_abbrev  0x00001657      0x22b ..\obj\usb_bsp.o
 .debug_abbrev  0x00001882      0x293 ..\obj\usbd_req.o
 .debug_abbrev  0x00001b15      0x25b ..\obj\usb_dcd_int.o
 .debug_abbrev  0x00001d70      0x215 ..\obj\usbd_cdc_core.o
 .debug_abbrev  0x00001f85      0x167 ..\obj\stm32f4xx_spi.o
 .debug_abbrev  0x000020ec      0x1a5 ..\obj\stm32f4xx_exti.o
 .debug_abbrev  0x00002291      0x145 ..\obj\misc.o
 .debug_abbrev  0x000023d6      0x259 ..\obj\usb_dcd.o
 .debug_abbrev  0x0000262f      0x1af ..\obj\usbd_ioreq.o
 .debug_abbrev  0x000027de      0x108 ..\obj\arm_cfft_radix4_init_f32.o

.debug_aranges  0x00000000      0xac8
 .debug_aranges
                0x00000000       0x48 ..\obj\stm32f4xx_syscfg.o
 .debug_aranges
                0x00000048      0x138 ..\obj\usb_core.o
 .debug_aranges
                0x00000180       0x50 ..\obj\usbd_usr.o
 .debug_aranges
                0x000001d0       0x18 ..\obj\arm_common_tables.o
 .debug_aranges
                0x000001e8       0x28 ..\obj\startup_stm32f4xx.o
 .debug_aranges
                0x00000210       0x48 ..\obj\stm32f4_discovery.o
 .debug_aranges
                0x00000258       0x80 ..\obj\usbd_core.o
 .debug_aranges
                0x000002d8       0x68 ..\obj\main.o
 .debug_aranges
                0x00000340      0x178 ..\obj\stm32f4xx_rcc.o
 .debug_aranges
                0x000004b8       0x20 ..\obj\arm_rfft_init_f32.o
 .debug_aranges
                0x000004d8       0x60 ..\obj\stm32f4xx_it.o
 .debug_aranges
                0x00000538       0x50 ..\obj\usbd_desc.o
 .debug_aranges
                0x00000588       0x88 ..\obj\stm32f4xx_gpio.o
 .debug_aranges
                0x00000610       0x70 ..\obj\usbd_cdc_vcp.o
 .debug_aranges
                0x00000680       0x30 ..\obj\system_stm32f4xx.o
 .debug_aranges
                0x000006b0       0x48 ..\obj\usb_bsp.o
 .debug_aranges
                0x000006f8       0x88 ..\obj\usbd_req.o
 .debug_aranges
                0x00000780       0x80 ..\obj\usb_dcd_int.o
 .debug_aranges
                0x00000800       0x60 ..\obj\usbd_cdc_core.o
 .debug_aranges
                0x00000860       0xe0 ..\obj\stm32f4xx_spi.o
 .debug_aranges
                0x00000940       0x58 ..\obj\stm32f4xx_exti.o
 .debug_aranges
                0x00000998       0x40 ..\obj\misc.o
 .debug_aranges
                0x000009d8       0x80 ..\obj\usb_dcd.o
 .debug_aranges
                0x00000a58       0x50 ..\obj\usbd_ioreq.o
 .debug_aranges
                0x00000aa8       0x20 ..\obj\arm_cfft_radix4_init_f32.o

.debug_ranges   0x00000000      0x930
 .debug_ranges  0x00000000       0x38 ..\obj\stm32f4xx_syscfg.o
 .debug_ranges  0x00000038      0x128 ..\obj\usb_core.o
 .debug_ranges  0x00000160       0x40 ..\obj\usbd_usr.o
 .debug_ranges  0x000001a0       0x18 ..\obj\startup_stm32f4xx.o
 .debug_ranges  0x000001b8       0x38 ..\obj\stm32f4_discovery.o
 .debug_ranges  0x000001f0       0x70 ..\obj\usbd_core.o
 .debug_ranges  0x00000260       0x58 ..\obj\main.o
 .debug_ranges  0x000002b8      0x168 ..\obj\stm32f4xx_rcc.o
 .debug_ranges  0x00000420       0x10 ..\obj\arm_rfft_init_f32.o
 .debug_ranges  0x00000430       0x50 ..\obj\stm32f4xx_it.o
 .debug_ranges  0x00000480       0x40 ..\obj\usbd_desc.o
 .debug_ranges  0x000004c0       0x78 ..\obj\stm32f4xx_gpio.o
 .debug_ranges  0x00000538       0x60 ..\obj\usbd_cdc_vcp.o
 .debug_ranges  0x00000598       0x20 ..\obj\system_stm32f4xx.o
 .debug_ranges  0x000005b8       0x38 ..\obj\usb_bsp.o
 .debug_ranges  0x000005f0       0x78 ..\obj\usbd_req.o
 .debug_ranges  0x00000668       0x70 ..\obj\usb_dcd_int.o
 .debug_ranges  0x000006d8       0x50 ..\obj\usbd_cdc_core.o
 .debug_ranges  0x00000728       0xd0 ..\obj\stm32f4xx_spi.o
 .debug_ranges  0x000007f8       0x48 ..\obj\stm32f4xx_exti.o
 .debug_ranges  0x00000840       0x30 ..\obj\misc.o
 .debug_ranges  0x00000870       0x70 ..\obj\usb_dcd.o
 .debug_ranges  0x000008e0       0x40 ..\obj\usbd_ioreq.o
 .debug_ranges  0x00000920       0x10 ..\obj\arm_cfft_radix4_init_f32.o

.debug_line     0x00000000     0x4de9
 .debug_line    0x00000000      0x236 ..\obj\stm32f4xx_syscfg.o
 .debug_line    0x00000236      0x6b4 ..\obj\usb_core.o
 .debug_line    0x000008ea      0x229 ..\obj\usbd_usr.o
 .debug_line    0x00000b13      0x156 ..\obj\arm_common_tables.o
 .debug_line    0x00000c69       0xcc ..\obj\startup_stm32f4xx.o
 .debug_line    0x00000d35      0x2e9 ..\obj\stm32f4_discovery.o
 .debug_line    0x0000101e      0x353 ..\obj\usbd_core.o
 .debug_line    0x00001371      0x622 ..\obj\main.o
 .debug_line    0x00001993      0x5e2 ..\obj\stm32f4xx_rcc.o
 .debug_line    0x00001f75      0x182 ..\obj\arm_rfft_init_f32.o
 .debug_line    0x000020f7      0x26b ..\obj\stm32f4xx_it.o
 .debug_line    0x00002362      0x24d ..\obj\usbd_desc.o
 .debug_line    0x000025af      0x387 ..\obj\stm32f4xx_gpio.o
 .debug_line    0x00002936      0x37c ..\obj\usbd_cdc_vcp.o
 .debug_line    0x00002cb2      0x1e9 ..\obj\system_stm32f4xx.o
 .debug_line    0x00002e9b      0x336 ..\obj\usb_bsp.o
 .debug_line    0x000031d1      0x403 ..\obj\usbd_req.o
 .debug_line    0x000035d4      0x397 ..\obj\usb_dcd_int.o
 .debug_line    0x0000396b      0x33d ..\obj\usbd_cdc_core.o
 .debug_line    0x00003ca8      0x49a ..\obj\stm32f4xx_spi.o
 .debug_line    0x00004142      0x2ed ..\obj\stm32f4xx_exti.o
 .debug_line    0x0000442f      0x28d ..\obj\misc.o
 .debug_line    0x000046bc      0x31f ..\obj\usb_dcd.o
 .debug_line    0x000049db      0x267 ..\obj\usbd_ioreq.o
 .debug_line    0x00004c42      0x1a7 ..\obj\arm_cfft_radix4_init_f32.o

.debug_str      0x00000000     0x475f
 .debug_str     0x00000000      0x2d6 ..\obj\stm32f4xx_syscfg.o
                                0x323 (size before relaxing)
 .debug_str     0x000002d6     0x124b ..\obj\usb_core.o
                               0x16af (size before relaxing)
 .debug_str     0x00001521      0x10e ..\obj\usbd_usr.o
                                0x2e5 (size before relaxing)
 .debug_str     0x0000162f       0xc5 ..\obj\arm_common_tables.o
                                0x218 (size before relaxing)
 .debug_str     0x000016f4       0xd9 ..\obj\startup_stm32f4xx.o
                                0x195 (size before relaxing)
 .debug_str     0x000017cd      0x9d2 ..\obj\stm32f4_discovery.o
                                0xb53 (size before relaxing)
 .debug_str     0x0000219f      0x1b7 ..\obj\usbd_core.o
                                0xaf5 (size before relaxing)
 .debug_str     0x00002356      0x55b ..\obj\main.o
                               0x15f5 (size before relaxing)
 .debug_str     0x000028b1      0x657 ..\obj\stm32f4xx_rcc.o
                                0x874 (size before relaxing)
 .debug_str     0x00002f08      0x13b ..\obj\arm_rfft_init_f32.o
                                0x3ae (size before relaxing)
 .debug_str     0x00003043      0x10a ..\obj\stm32f4xx_it.o
                                0x39a (size before relaxing)
 .debug_str     0x0000314d      0x17e ..\obj\usbd_desc.o
                                0x3b3 (size before relaxing)
 .debug_str     0x000032cb      0x1c6 ..\obj\stm32f4xx_gpio.o
                                0x4c7 (size before relaxing)
 .debug_str     0x00003491      0x261 ..\obj\usbd_cdc_vcp.o
                                0x3da (size before relaxing)
 .debug_str     0x000036f2       0xdd ..\obj\system_stm32f4xx.o
                                0x3ce (size before relaxing)
 .debug_str     0x000037cf       0xf4 ..\obj\usb_bsp.o
                               0x10f6 (size before relaxing)
 .debug_str     0x000038c3      0x19d ..\obj\usbd_req.o
                                0xb20 (size before relaxing)
 .debug_str     0x00003a60      0x2b2 ..\obj\usb_dcd_int.o
                               0x12ad (size before relaxing)
 .debug_str     0x00003d12      0x1ba ..\obj\usbd_cdc_core.o
                                0xb3d (size before relaxing)
 .debug_str     0x00003ecc      0x35b ..\obj\stm32f4xx_spi.o
                                0x6ae (size before relaxing)
 .debug_str     0x00004227      0x129 ..\obj\stm32f4xx_exti.o
                                0x392 (size before relaxing)
 .debug_str     0x00004350      0x13c ..\obj\misc.o
                                0x3fd (size before relaxing)
 .debug_str     0x0000448c      0x138 ..\obj\usb_dcd.o
                                0xb4f (size before relaxing)
 .debug_str     0x000045c4       0xf3 ..\obj\usbd_ioreq.o
                                0x9df (size before relaxing)
 .debug_str     0x000046b7       0xa8 ..\obj\arm_cfft_radix4_init_f32.o
                                0x33a (size before relaxing)

.comment        0x00000000       0xd1
 .comment       0x00000000       0x70 ..\obj\stm32f4xx_syscfg.o
                                 0x71 (size before relaxing)
 .comment       0x00000000       0x71 ..\obj\usb_core.o
 .comment       0x00000000       0x71 ..\obj\usbd_usr.o
 .comment       0x00000000       0x71 ..\obj\arm_common_tables.o
 .comment       0x00000000       0x71 ..\obj\startup_stm32f4xx.o
 .comment       0x00000000       0x71 ..\obj\stm32f4_discovery.o
 .comment       0x00000000       0x71 ..\obj\usbd_core.o
 .comment       0x00000000       0x71 ..\obj\main.o
 .comment       0x00000000       0x71 ..\obj\stm32f4xx_rcc.o
 .comment       0x00000000       0x71 ..\obj\arm_rfft_init_f32.o
 .comment       0x00000000       0x71 ..\obj\stm32f4xx_it.o
 .comment       0x00000000       0x71 ..\obj\usbd_desc.o
 .comment       0x00000000       0x71 ..\obj\stm32f4xx_gpio.o
 .comment       0x00000000       0x71 ..\obj\usbd_cdc_vcp.o
 .comment       0x00000000       0x71 ..\obj\system_stm32f4xx.o
 .comment       0x00000000       0x71 ..\obj\usb_bsp.o
 .comment       0x00000000       0x71 ..\obj\usbd_req.o
 .comment       0x00000000       0x71 ..\obj\usb_dcd_int.o
 .comment       0x00000000       0x71 ..\obj\usbd_cdc_core.o
 .comment       0x00000000       0x71 ..\obj\stm32f4xx_spi.o
 .comment       0x00000000       0x71 ..\obj\stm32f4xx_exti.o
 .comment       0x00000000       0x71 ..\obj\misc.o
 .comment       0x00000000       0x71 ..\obj\usb_dcd.o
 .comment       0x00000000       0x71 ..\obj\usbd_ioreq.o
 .comment       0x00000000       0x71 ..\obj\arm_cfft_radix4_init_f32.o
 .comment       0x00000070       0x61 ..\..\..\libpdmfilter_gcc.a(pdm_filter.o)
                                 0x62 (size before relaxing)

.ARM.attributes
                0x00000000       0x37
 .ARM.attributes
                0x00000000       0x37 ..\obj\stm32f4xx_syscfg.o
 .ARM.attributes
                0x00000037       0x37 ..\obj\usb_core.o
 .ARM.attributes
                0x0000006e       0x37 ..\obj\usbd_usr.o
 .ARM.attributes
                0x000000a5       0x37 ..\obj\arm_common_tables.o
 .ARM.attributes
                0x000000dc       0x37 ..\obj\startup_stm32f4xx.o
 .ARM.attributes
                0x00000113       0x37 ..\obj\stm32f4_discovery.o
 .ARM.attributes
                0x0000014a       0x37 ..\obj\usbd_core.o
 .ARM.attributes
                0x00000181       0x37 ..\obj\main.o
 .ARM.attributes
                0x000001b8       0x37 ..\obj\stm32f4xx_rcc.o
 .ARM.attributes
                0x000001ef       0x37 ..\obj\arm_rfft_init_f32.o
 .ARM.attributes
                0x00000226       0x37 ..\obj\stm32f4xx_it.o
 .ARM.attributes
                0x0000025d       0x37 ..\obj\usbd_desc.o
 .ARM.attributes
                0x00000294       0x37 ..\obj\stm32f4xx_gpio.o
 .ARM.attributes
                0x000002cb       0x37 ..\obj\usbd_cdc_vcp.o
 .ARM.attributes
                0x00000302       0x37 ..\obj\system_stm32f4xx.o
 .ARM.attributes
                0x00000339       0x37 ..\obj\usb_bsp.o
 .ARM.attributes
                0x00000370       0x37 ..\obj\usbd_req.o
 .ARM.attributes
                0x000003a7       0x37 ..\obj\usb_dcd_int.o
 .ARM.attributes
                0x000003de       0x37 ..\obj\usbd_cdc_core.o
 .ARM.attributes
                0x00000415       0x37 ..\obj\stm32f4xx_spi.o
 .ARM.attributes
                0x0000044c       0x37 ..\obj\stm32f4xx_exti.o
 .ARM.attributes
                0x00000483       0x37 ..\obj\misc.o
 .ARM.attributes
                0x000004ba       0x37 ..\obj\usb_dcd.o
 .ARM.attributes
                0x000004f1       0x37 ..\obj\usbd_ioreq.o
 .ARM.attributes
                0x00000528       0x37 ..\obj\arm_cfft_radix4_init_f32.o
 .ARM.attributes
                0x0000055f       0x31 ..\..\..\libpdmfilter_gcc.a(pdm_filter.o)
 .ARM.attributes
                0x00000590       0x22 c:/program files (x86)/gnu tools arm embedded/4.8 2013q4/bin/../lib/gcc/arm-none-eabi/4.8.3/armv7e-m/softfp\libgcc.a(_arm_addsubdf3.o)
 .ARM.attributes
                0x000005b2       0x22 c:/program files (x86)/gnu tools arm embedded/4.8 2013q4/bin/../lib/gcc/arm-none-eabi/4.8.3/armv7e-m/softfp\libgcc.a(_arm_muldivdf3.o)
 .ARM.attributes
                0x000005d4       0x22 c:/program files (x86)/gnu tools arm embedded/4.8 2013q4/bin/../lib/gcc/arm-none-eabi/4.8.3/armv7e-m/softfp\libgcc.a(_arm_fixunsdfsi.o)
 .ARM.attributes
                0x000005f6       0x22 c:/program files (x86)/gnu tools arm embedded/4.8 2013q4/bin/../lib/gcc/arm-none-eabi/4.8.3/armv7e-m/softfp\libgcc.a(_arm_muldivsf3.o)
 .ARM.attributes
                0x00000618       0x22 c:/program files (x86)/gnu tools arm embedded/4.8 2013q4/bin/../lib/gcc/arm-none-eabi/4.8.3/armv7e-m/softfp\libgcc.a(_arm_cmpsf2.o)

.debug_frame    0x00000000     0x2044
 .debug_frame   0x00000000       0xbc ..\obj\stm32f4xx_syscfg.o
 .debug_frame   0x000000bc      0x434 ..\obj\usb_core.o
 .debug_frame   0x000004f0       0xbc ..\obj\usbd_usr.o
 .debug_frame   0x000005ac       0x48 ..\obj\startup_stm32f4xx.o
 .debug_frame   0x000005f4       0xc4 ..\obj\stm32f4_discovery.o
 .debug_frame   0x000006b8      0x1ac ..\obj\usbd_core.o
 .debug_frame   0x00000864      0x13c ..\obj\main.o
 .debug_frame   0x000009a0      0x4d8 ..\obj\stm32f4xx_rcc.o
 .debug_frame   0x00000e78       0x30 ..\obj\arm_rfft_init_f32.o
 .debug_frame   0x00000ea8       0xf0 ..\obj\stm32f4xx_it.o
 .debug_frame   0x00000f98       0xe8 ..\obj\usbd_desc.o
 .debug_frame   0x00001080      0x19c ..\obj\stm32f4xx_gpio.o
 .debug_frame   0x0000121c      0x144 ..\obj\usbd_cdc_vcp.o
 .debug_frame   0x00001360       0x64 ..\obj\system_stm32f4xx.o
 .debug_frame   0x000013c4       0xc4 ..\obj\usb_bsp.o
 .debug_frame   0x00001488      0x1c8 ..\obj\usbd_req.o
 .debug_frame   0x00001650      0x1ac ..\obj\usb_dcd_int.o
 .debug_frame   0x000017fc      0x12c ..\obj\usbd_cdc_core.o
 .debug_frame   0x00001928      0x2d0 ..\obj\stm32f4xx_spi.o
 .debug_frame   0x00001bf8       0xec ..\obj\stm32f4xx_exti.o
 .debug_frame   0x00001ce4       0x9c ..\obj\misc.o
 .debug_frame   0x00001d80      0x1ac ..\obj\usb_dcd.o
 .debug_frame   0x00001f2c       0xec ..\obj\usbd_ioreq.o
 .debug_frame   0x00002018       0x2c ..\obj\arm_cfft_radix4_init_f32.o
